<?xml version="1.0" encoding="utf-8"?><testsuites name="pytest tests"><testsuite name="pytest" errors="0" failures="0" skipped="0" tests="146" time="224.894" timestamp="2026-03-19T22:46:30.131097-04:00" hostname="yassine"><testcase classname="ingestion.tests.test_fetch_eia" name="test_load_dataset_registry_from_repo_root_relative_path" time="0.410" /><testcase classname="ingestion.tests.test_fetch_eia" name="test_validate_dataset_registry_rejects_missing_required_fields" time="0.004" /><testcase classname="ingestion.tests.test_fetch_eia" name="test_build_query_params_applies_facets" time="0.002" /><testcase classname="ingestion.tests.test_fetch_eia" name="test_resolve_api_window_bounds_converts_exclusive_hourly_end" time="0.002" /><testcase classname="ingestion.tests.test_fetch_eia" name="test_resolve_api_window_bounds_extends_current_day_end_for_region_forecast" time="0.002" /><testcase classname="ingestion.tests.test_fetch_eia" name="test_resolve_api_window_bounds_preserves_multi_day_current_day_end_backfill_window" time="0.002" /><testcase classname="ingestion.tests.test_fetch_eia" name="test_resolve_api_window_bounds_converts_monthly_window" time="0.002" /><testcase classname="ingestion.tests.test_fetch_eia" name="test_resolve_api_window_bounds_rejects_empty_or_negative_window" time="0.002" /><testcase classname="ingestion.tests.test_fetch_eia" name="test_fetch_dataset_rows_paginates_until_total" time="0.002" /><testcase classname="ingestion.tests.test_fetch_eia" name="test_fetch_dataset_rows_stops_when_page_is_short_without_total" time="0.002" /><testcase classname="ingestion.tests.test_fetch_eia" name="test_build_event_envelope_uses_deterministic_event_id" time="0.003" /><testcase classname="ingestion.tests.test_fetch_eia" name="test_build_event_rejects_invalid_period" time="0.006" /><testcase classname="ingestion.tests.test_fetch_eia" name="test_build_event_accepts_monthly_period" time="0.002" /><testcase classname="ingestion.tests.test_fetch_eia_cli" name="test_parse_args_and_select_datasets" time="0.007" /><testcase classname="ingestion.tests.test_fetch_eia_cli" name="test_main_dry_run_builds_events_without_publishing" time="0.002" /><testcase classname="ingestion.tests.test_fetch_eia_cli" name="test_main_publishes_events_and_surfaces_validation_failures" time="0.003" /><testcase classname="ingestion.tests.test_fetch_eia_cli" name="test_main_requires_api_key" time="0.002" /><testcase classname="ingestion.tests.test_publish_kafka" name="test_publish_events_uses_supplied_producer" time="0.002" /><testcase classname="ingestion.tests.test_publish_kafka" name="test_publish_events_raises_when_send_fails" time="0.002" /><testcase classname="ingestion.tests.test_publish_kafka" name="test_publish_events_creates_missing_topic_even_for_empty_batch" time="0.002" /><testcase classname="airflow.tests.test_pipeline_backfill" name="test_enqueue_backfill_jobs_inserts_newest_windows_first" time="0.009" /><testcase classname="airflow.tests.test_pipeline_backfill" name="test_enqueue_backfill_jobs_uses_month_windows_for_monthly_datasets" time="0.009" /><testcase classname="airflow.tests.test_pipeline_backfill" name="test_has_completed_backfill_returns_true_when_completed_exists" time="0.002" /><testcase classname="airflow.tests.test_pipeline_backfill" name="test_trigger_backfill_dag_if_idle_triggers_when_pending_and_idle" time="0.008" /><testcase classname="airflow.tests.test_pipeline_builders_and_dataset_dags" name="test_pipeline_builders_render_expected_commands_and_tasks" time="0.018" /><testcase classname="airflow.tests.test_pipeline_builders_and_dataset_dags" name="test_dataset_dag_builders_include_expected_tasks_for_region_and_fuel" time="0.018" /><testcase classname="airflow.tests.test_pipeline_builders_and_dataset_dags" name="test_serving_dag_builders_include_validation_chain" time="0.014" /><testcase classname="airflow.tests.test_pipeline_builders_and_dataset_dags" name="test_factories_and_support_wrapper_integrate_with_real_registry" time="0.046" /><testcase classname="airflow.tests.test_pipeline_builders_and_dataset_dags" name="test_wrapper_dag_modules_expose_expected_dag" time="0.212" /><testcase classname="airflow.tests.test_pipeline_factories" name="test_register_all_dags_returns_expected_keys" time="0.007" /><testcase classname="airflow.tests.test_pipeline_repair" name="test_load_existing_repair_jobs_normalizes_timezones" time="0.002" /><testcase classname="airflow.tests.test_pipeline_repair" name="test_recover_stale_bronze_repair_jobs_returns_rowcount" time="0.009" /><testcase classname="airflow.tests.test_pipeline_repair" name="test_enqueue_bronze_repair_jobs_returns_zero_when_statuses_are_empty" time="0.002" /><testcase classname="airflow.tests.test_pipeline_repair" name="test_enqueue_bronze_repair_jobs_respects_existing_pending_windows" time="0.008" /><testcase classname="airflow.tests.test_pipeline_repair" name="test_enqueue_bronze_repair_jobs_requeues_failed_windows" time="0.008" /><testcase classname="airflow.tests.test_pipeline_repair" name="test_claim_next_bronze_repair_hour_returns_none_when_empty" time="0.007" /><testcase classname="airflow.tests.test_pipeline_repair" name="test_claim_next_bronze_repair_hour_returns_cli_fields" time="0.010" /><testcase classname="airflow.tests.test_pipeline_repair" name="test_has_repair_chunk_reflects_presence" time="0.002" /><testcase classname="airflow.tests.test_pipeline_repair" name="test_mark_bronze_repair_completed_updates_job" time="0.006" /><testcase classname="airflow.tests.test_pipeline_repair" name="test_mark_bronze_repair_failed_truncates_error_message" time="0.009" /><testcase classname="airflow.tests.test_pipeline_repair" name="test_trigger_repair_dag_if_idle_returns_false_when_no_pending_work" time="0.008" /><testcase classname="airflow.tests.test_pipeline_repair" name="test_trigger_repair_dag_if_idle_returns_false_when_run_active" time="0.007" /><testcase classname="airflow.tests.test_pipeline_repair" name="test_trigger_repair_dag_if_idle_triggers_when_pending_and_idle" time="0.008" /><testcase classname="airflow.tests.test_pipeline_repair" name="test_trigger_repair_dag_if_idle_supports_ignore_run_id" time="0.008" /><testcase classname="airflow.tests.test_pipeline_runtime" name="test_build_spark_submit_command_quotes_airflow_templates" time="0.002" /><testcase classname="airflow.tests.test_pipeline_runtime" name="test_floor_to_step_rounds_to_day_boundary" time="0.002" /><testcase classname="airflow.tests.test_pipeline_runtime" name="test_format_log_fields_skips_empty_values" time="0.003" /><testcase classname="airflow.tests.test_pipeline_validation" name="test_stage_table_has_rows_returns_false_when_table_is_missing" time="0.002" /><testcase classname="airflow.tests.test_pipeline_validation" name="test_stage_table_has_rows_returns_false_when_table_is_empty" time="0.005" /><testcase classname="airflow.tests.test_pipeline_validation" name="test_stage_table_has_rows_returns_true_when_table_has_rows" time="0.003" /><testcase classname="airflow.tests.test_pipeline_validation" name="test_merge_stage_into_target_skips_when_stage_missing_and_allowed" time="0.007" /><testcase classname="airflow.tests.test_pipeline_validation" name="test_merge_stage_into_target_executes_merge_without_dropping_stage" time="0.008" /><testcase classname="airflow.tests.test_pipeline_validation" name="test_validate_table_has_rows_allows_missing_table" time="0.009" /><testcase classname="airflow.tests.test_pipeline_validation" name="test_validate_table_has_rows_allows_empty_result" time="0.027" /><testcase classname="airflow.tests.test_pipeline_validation" name="test_validate_table_has_rows_raises_when_below_minimum" time="0.010" /><testcase classname="airflow.tests.test_pipeline_validation" name="test_validate_distinct_values_allows_empty_result" time="0.022" /><testcase classname="airflow.tests.test_pipeline_validation" name="test_validate_distinct_values_raises_when_below_minimum" time="0.012" /><testcase classname="airflow.tests.test_pipeline_validation" name="test_validate_numeric_bounds_allows_empty_result" time="0.025" /><testcase classname="airflow.tests.test_pipeline_validation" name="test_validate_numeric_bounds_supports_where_clause_and_params" time="0.017" /><testcase classname="airflow.tests.test_pipeline_validation" name="test_validate_numeric_bounds_raises_when_invalid_rows_exist" time="0.012" /><testcase classname="app.tests.test_data_access" name="test_load_grid_operations_hourly_passes_filters" time="0.013" /><testcase classname="app.tests.test_data_access" name="test_load_latest_planning_snapshot_passes_filters" time="0.008" /><testcase classname="app.tests.test_data_access" name="test_get_backfill_status_returns_empty_frame_on_database_error" time="0.021" /><testcase classname="app.tests.test_data_access_helpers" name="test_connection_kwargs_use_environment_overrides" time="0.004" /><testcase classname="app.tests.test_data_access_helpers" name="test_get_connection_and_safe_read_sql_delegate_to_database" time="0.006" /><testcase classname="app.tests.test_data_access_helpers" name="test_table_has_rows_handles_success_and_database_error" time="0.005" /><testcase classname="app.tests.test_data_access_helpers" name="test_summary_queries_and_respondent_listing_use_safe_read_sql" time="0.012" /><testcase classname="app.tests.test_data_access_helpers" name="test_grid_and_planning_queries_apply_all_filters" time="0.016" /><testcase classname="app.tests.test_data_access_helpers" name="test_data_access_wrapper_reexports_split_modules" time="0.002" /><testcase classname="app.tests.test_planning_page_logic" name="test_build_planning_thresholds_returns_quantiles_and_handles_empty_values" time="0.014" /><testcase classname="app.tests.test_planning_page_logic" name="test_derive_planning_priority_covers_expected_branches" time="0.007" /><testcase classname="app.tests.test_planning_page_logic" name="test_derive_planning_driver_uses_fixed_precedence" time="0.004" /><testcase classname="app.tests.test_planning_page_logic" name="test_build_priority_history_uses_fixed_thresholds_for_daily_bucket_counts" time="0.042" /><testcase classname="app.tests.test_ui_utils" name="test_date_and_timezone_helpers_handle_invalid_values" time="0.021" /><testcase classname="app.tests.test_ui_utils" name="test_timestamp_conversion_numeric_helpers_and_priority_sorting" time="0.232" /><testcase classname="admin_app.tests.test_airflow_store" name="test_extract_error_excerpt_and_read_task_log" time="0.046" /><testcase classname="admin_app.tests.test_airflow_store" name="test_expected_lag_and_fallback_excerpt" time="0.002" /><testcase classname="admin_app.tests.test_airflow_store" name="test_get_dag_health_uses_escaped_like_patterns" time="0.009" /><testcase classname="admin_app.tests.test_airflow_store" name="test_read_sql_omits_params_when_not_provided" time="0.008" /><testcase classname="admin_app.tests.test_comparison_service" name="test_run_comparison_reports_missing_and_extra" time="0.058" /><testcase classname="admin_app.tests.test_comparison_service" name="test_run_comparison_excludes_end_boundary_timestamp" time="0.043" /><testcase classname="admin_app.tests.test_comparison_service" name="test_run_comparison_uses_power_registry_for_power_platinum" time="0.044" /><testcase classname="admin_app.tests.test_eia_client" name="test_fetch_dataset_rows_requires_api_key" time="0.002" /><testcase classname="admin_app.tests.test_eia_client" name="test_fetch_dataset_rows_stops_on_total_and_applies_params" time="0.002" /><testcase classname="admin_app.tests.test_eia_client" name="test_fetch_dataset_rows_stops_on_short_page_without_total" time="0.002" /><testcase classname="admin_app.tests.test_eia_client" name="test_parse_period_handles_non_strings_and_z_suffix" time="0.006" /><testcase classname="admin_app.tests.test_eia_client" name="test_region_silver_and_gold_filter_and_latest_logic" time="0.053" /><testcase classname="admin_app.tests.test_eia_client" name="test_fuel_silver_and_gold_filter_and_clip_negative_values" time="0.025" /><testcase classname="admin_app.tests.test_eia_client" name="test_power_silver_and_gold_filter_and_clip_negative_values" time="0.028" /><testcase classname="admin_app.tests.test_eia_client" name="test_build_expected_region_gold_and_platinum_keys" time="0.255" /><testcase classname="admin_app.tests.test_eia_client" name="test_build_expected_fuel_gold_keys" time="0.031" /><testcase classname="admin_app.tests.test_eia_client" name="test_build_expected_power_gold_and_platinum_keys" time="0.067" /><testcase classname="admin_app.tests.test_parquet_store" name="test_sql_array_quotes_and_escapes_values" time="0.002" /><testcase classname="admin_app.tests.test_parquet_store" name="test_standardize_drops_invalid_rows_and_formats_grain_keys" time="0.017" /><testcase classname="admin_app.tests.test_parquet_store" name="test_standardize_returns_empty_schema_for_empty_frame" time="0.005" /><testcase classname="admin_app.tests.test_parquet_store" name="test_date_patterns_cover_multiple_days_and_same_day_fallback" time="0.005" /><testcase classname="admin_app.tests.test_parquet_store" name="test_bronze_patterns_cover_inclusive_final_day" time="0.005" /><testcase classname="admin_app.tests.test_parquet_store" name="test_list_files_deduplicates_and_sorts_local_matches" time="0.009" /><testcase classname="admin_app.tests.test_parquet_store" name="test_list_files_uses_mocked_s3_filesystem" time="0.008" /><testcase classname="admin_app.tests.test_parquet_store" name="test_query_stage_keys_from_local_bronze_and_silver_files" time="0.166" /><testcase classname="admin_app.tests.test_parquet_store" name="test_query_stage_keys_from_local_power_files" time="0.175" /><testcase classname="admin_app.tests.test_parquet_store" name="test_fetch_stage_keys_dispatches_by_stage_and_returns_empty_for_unsupported_stage" time="0.010" /><testcase classname="admin_app.tests.test_registry_config_warehouse" name="test_load_config_and_default_window_respect_environment" time="0.006" /><testcase classname="admin_app.tests.test_registry_config_warehouse" name="test_load_registry_fills_missing_gold_path_and_lists_stage_options" time="0.018" /><testcase classname="admin_app.tests.test_registry_config_warehouse" name="test_warehouse_read_sql_and_platform_counts" time="0.011" /><testcase classname="admin_app.tests.test_registry_config_warehouse" name="test_fetch_platinum_keys_builds_grain_keys_and_filters_respondent" time="0.024" /><testcase classname="admin_app.tests.test_registry_config_warehouse" name="test_fetch_power_platinum_keys_builds_dimension_key" time="0.018" /><testcase classname="spark.tests.test_bronze_cli" name="test_parse_args_topic_required" time="0.004" /><testcase classname="spark.tests.test_bronze_cli" name="test_normalize_batch_starting_offsets_rewrites_latest" time="0.002" /><testcase classname="spark.tests.test_bronze_dedupe" name="test_transform_kafka_batch_preserves_kafka_metadata" time="14.515" /><testcase classname="spark.tests.test_bronze_dedupe" name="test_prepare_bronze_write_plan_filters_existing_and_incoming_duplicates" time="7.857" /><testcase classname="spark.tests.test_bronze_dedupe" name="test_prepare_bronze_write_plan_advances_duplicate_only_batches" time="3.117" /><testcase classname="spark.tests.test_bronze_verification" name="test_build_hourly_coverage_df_marks_missing_and_partial" time="5.541" /><testcase classname="spark.tests.test_config" name="test_load_spark_app_config_defaults" time="0.002" /><testcase classname="spark.tests.test_gold_platinum_cli" name="test_parse_gold_args_defaults" time="0.004" /><testcase classname="spark.tests.test_gold_platinum_cli" name="test_parse_platinum_args_defaults" time="0.003" /><testcase classname="spark.tests.test_gold_platinum_cli" name="test_gold_main_skips_missing_partitioned_input" time="0.005" /><testcase classname="spark.tests.test_logging_utils" name="test_partitioned_parquet_glob_defaults_to_event_date" time="0.002" /><testcase classname="spark.tests.test_logging_utils" name="test_format_log_fields_omits_empty_values" time="0.002" /><testcase classname="spark.tests.test_persona_cli" name="test_parse_ops_args_defaults" time="0.004" /><testcase classname="spark.tests.test_persona_cli" name="test_parse_planning_args_defaults" time="0.003" /><testcase classname="spark.tests.test_power_operations_monthly" name="test_clean_power_operational_data_parses_monthly_rows" time="10.083" /><testcase classname="spark.tests.test_power_operations_monthly" name="test_gold_power_operations_monthly_fact_keeps_latest_business_key" time="6.038" /><testcase classname="spark.tests.test_power_operations_monthly" name="test_platinum_power_operations_monthly_derives_share_and_heat_rate" time="5.727" /><testcase classname="spark.tests.test_quality_io_windowing" name="test_quality_helpers_raise_for_bad_data" time="8.850" /><testcase classname="spark.tests.test_quality_io_windowing" name="test_io_helpers_and_window_filtering_cover_path_and_read_branches" time="1.126" /><testcase classname="spark.tests.test_quality_io_windowing" name="test_read_helpers_retry_transient_missing_file_errors" time="0.002" /><testcase classname="spark.tests.test_quality_io_windowing" name="test_read_partitioned_parquet_preserves_partition_columns" time="1.005" /><testcase classname="spark.tests.test_quality_io_windowing" name="test_read_parquet_if_exists_returns_none_for_empty_existing_directory" time="0.002" /><testcase classname="spark.tests.test_quality_io_windowing" name="test_build_spark_session_configures_expected_defaults" time="0.002" /><testcase classname="spark.tests.test_silver_cli" name="test_parse_args_defaults" time="0.003" /><testcase classname="spark.tests.test_transforms" name="test_clean_region_data_deduplicates_event_ids" time="7.223" /><testcase classname="spark.tests.test_transforms" name="test_clean_region_data_rejects_invalid_units" time="4.602" /><testcase classname="spark.tests.test_transforms" name="test_validate_non_empty_ignores_identical_replayed_event_ids" time="7.749" /><testcase classname="spark.tests.test_transforms" name="test_region_hourly_metrics_aggregates_by_period_and_respondent" time="9.343" /><testcase classname="spark.tests.test_transforms" name="test_region_hourly_metrics_prefers_latest_loaded_conflicting_duplicate" time="8.140" /><testcase classname="spark.tests.test_transforms" name="test_respondent_dimension_rolls_up_current_and_historical_names" time="17.706" /><testcase classname="spark.tests.test_transforms" name="test_respondent_dimension_preserves_existing_dataset_count" time="18.276" /><testcase classname="spark.tests.test_transforms" name="test_respondent_dimension_defaults_dataset_count_without_history" time="6.197" /><testcase classname="spark.tests.test_transforms" name="test_write_partitioned_parquet_overwrites_only_touched_partitions" time="1.932" /><testcase classname="spark.tests.test_transforms" name="test_write_partitioned_dataset_uses_merge_partitioned_parquet" time="1.023" /><testcase classname="spark.tests.test_transforms" name="test_merge_partitioned_parquet_preserves_same_day_rows_across_writes" time="7.216" /><testcase classname="spark.tests.test_transforms" name="test_merge_partitioned_parquet_preserves_earlier_gold_hours_when_later_hour_arrives" time="6.513" /><testcase classname="spark.tests.test_transforms" name="test_merge_partitioned_parquet_replaces_same_gold_key_with_latest_loaded_at" time="6.638" /><testcase classname="spark.tests.test_transforms" name="test_region_demand_daily_aggregates_hourly_curated_gold_rows" time="4.373" /><testcase classname="spark.tests.test_transforms" name="test_resource_planning_daily_aggregates_curated_gold_inputs" time="38.093" /></testsuite></testsuites>